{
  "classMap": [
    {
      "children": [
        {
          "children": [
            {
              "children": [
                {
                  "children": [
                    {
                      "location": "AppMap.Test.dll:3635",
                      "name": "Generic<!!0>",
                      "static": true,
                      "type": "function"
                    }
                  ],
                  "name": "Values",
                  "type": "class"
                }
              ],
              "name": "Code",
              "type": "package"
            }
          ],
          "name": "Test",
          "type": "package"
        }
      ],
      "name": "AppMap",
      "type": "package"
    }
  ],
  "events": [
    {
      "defined_class": "AppMap.Test.Code.Values",
      "event": "call",
      "id": 1,
      "lineno": 3635,
      "method_id": "Generic<!!0>",
      "parameters": [
        {
          "class": "MVAR",
          "name": "v",
          "value": "testing"
        }
      ],
      "path": "AppMap.Test.dll",
      "static": true,
      "thread_id": 1
    },
    {
      "event": "return",
      "id": 2,
      "parent_id": 1,
      "return_value": {
        "class": "MVAR",
        "value": "testing"
      },
      "thread_id": 1
    },
    {
      "defined_class": "AppMap.Test.Code.Values",
      "event": "call",
      "id": 3,
      "lineno": 3635,
      "method_id": "Generic<!!0>",
      "parameters": [
        {
          "class": "MVAR",
          "name": "v",
          "value": null
        }
      ],
      "path": "AppMap.Test.dll",
      "static": true,
      "thread_id": 1
    },
    {
      "event": "return",
      "id": 4,
      "parent_id": 3,
      "return_value": {
        "class": "MVAR",
        "value": null
      },
      "thread_id": 1
    },
    {
      "defined_class": "AppMap.Test.Code.Values",
      "event": "call",
      "id": 5,
      "lineno": 3635,
      "method_id": "Generic<!!0>",
      "parameters": [
        {
          "class": "MVAR",
          "name": "v",
          "value": "00000000-0000-0000-0000-000000000000"
        }
      ],
      "path": "AppMap.Test.dll",
      "static": true,
      "thread_id": 1
    },
    {
      "event": "return",
      "id": 6,
      "parent_id": 5,
      "return_value": {
        "class": "MVAR",
        "value": "00000000-0000-0000-0000-000000000000"
      },
      "thread_id": 1
    }
  ],
  "metadata": {
    "client": {
      "name": "appmap-dotnet",
      "url": "https://github.com/applandinc/appmap-dotnet/"
    }
  },
  "version": "1.6.0"
}
