{
  "events": [
    {
      "defined_class": "AppMap.Test.Code.Values",
      "event": "call",
      "id": 1,
      "method_id": "ByRef",
      "parameters": [
        {
          "class": "BYREF",
          "name": "uri",
          "value": null
        },
        {
          "class": "BYREF",
          "name": "i",
          "value": true
        }
      ],
      "static": true,
      "thread_id": 1
    },
    {
      "event": "return",
      "id": 2,
      "parent_id": 1,
      "thread_id": 1
    },
    {
      "defined_class": "AppMap.Test.Code.Values",
      "event": "call",
      "id": 3,
      "method_id": "ByRef",
      "parameters": [
        {
          "class": "BYREF",
          "name": "uri",
          "value": "http://appmap.test/"
        },
        {
          "class": "BYREF",
          "name": "i",
          "value": false
        }
      ],
      "static": true,
      "thread_id": 1
    },
    {
      "event": "return",
      "id": 4,
      "parent_id": 3,
      "thread_id": 1
    }
  ],
  "metadata": {
    "client": {
      "name": "appmap-dotnet",
      "url": "https://github.com/applandinc/appmap-dotnet/"
    }
  },
  "version": "1.6.0"
}
