{
  "events": [
    {
      "defined_class": "AppMap.Test.Code.Values",
      "event": "call",
      "id": 1,
      "method_id": "NullableGuid",
      "parameters": [
        {
          "class": "BOOLEAN",
          "name": "giveValue",
          "value": true
        }
      ],
      "static": true,
      "thread_id": 1
    },
    {
      "event": "return",
      "id": 2,
      "parent_id": 1,
      "return_value": {
        "class": "GENERICINST",
        "value": "00000000-0000-0000-0000-000000000000"
      },
      "thread_id": 1
    },
    {
      "defined_class": "AppMap.Test.Code.Values",
      "event": "call",
      "id": 3,
      "method_id": "NullableGuid",
      "parameters": [
        {
          "class": "BOOLEAN",
          "name": "giveValue",
          "value": false
        }
      ],
      "static": true,
      "thread_id": 1
    },
    {
      "event": "return",
      "id": 4,
      "parent_id": 3,
      "return_value": {
        "class": "GENERICINST",
        "value": null
      },
      "thread_id": 1
    }
  ]
}
