{
  "events": [
    {
      "defined_class": "AppMap.Test.Code.Values",
      "event": "call",
      "id": 1,
      "method_id": ".ctor",
      "receiver": {
        "class": "AppMap.Test.Code.Values",
        "value": "AppMap.Test.Code.Values"
      },
      "static": false,
      "thread_id": 1
    },
    {
      "event": "return",
      "id": 2,
      "parent_id": 1,
      "thread_id": 1
    },
    {
      "defined_class": "AppMap.Test.Code.Values",
      "event": "call",
      "id": 3,
      "method_id": "get_Uri",
      "receiver": {
        "class": "AppMap.Test.Code.Values",
        "value": "AppMap.Test.Code.Values"
      },
      "static": false,
      "thread_id": 1
    },
    {
      "event": "return",
      "id": 4,
      "parent_id": 3,
      "return_value": {
        "class": "System.Uri",
        "value": null
      },
      "thread_id": 1
    },
    {
      "defined_class": "AppMap.Test.Code.Values",
      "event": "call",
      "id": 5,
      "method_id": "set_Uri",
      "parameters": [
        {
          "class": "System.Uri",
          "name": "value",
          "value": "http://appmap.test/"
        }
      ],
      "receiver": {
        "class": "AppMap.Test.Code.Values",
        "value": "AppMap.Test.Code.Values"
      },
      "static": false,
      "thread_id": 1
    },
    {
      "event": "return",
      "id": 6,
      "parent_id": 5,
      "thread_id": 1
    },
    {
      "defined_class": "AppMap.Test.Code.Values",
      "event": "call",
      "id": 7,
      "method_id": "get_Uri",
      "receiver": {
        "class": "AppMap.Test.Code.Values",
        "value": "AppMap.Test.Code.Values"
      },
      "static": false,
      "thread_id": 1
    },
    {
      "event": "return",
      "id": 8,
      "parent_id": 7,
      "return_value": {
        "class": "System.Uri",
        "value": "http://appmap.test/"
      },
      "thread_id": 1
    }
  ],
  "version": "1.6.0"
}
